
> project-green@0.0.0 build
> ng build

[33mΓ¥»[39m Building...
[32mΓ£ö[39m Building...
[35mBrowser bundles[39m     
[1mInitial chunk files[22m [2m | [22m[1mNames[22m             [2m | [22m [1mRaw size[22m[2m | [22m[1mEstimated transfer size[22m
[32mmain-7CMHTF4I.js[39m    [2m | [22m[2mmain[22m              [2m | [22m[36m789.62 kB[39m[2m | [22m              [36m204.86 kB[39m
[32mchunk-FUKD4GOT.js[39m   [2m | [22m[2m-[22m                 [2m | [22m[36m325.15 kB[39m[2m | [22m               [36m83.90 kB[39m
[32mchunk-6YEREZPG.js[39m   [2m | [22m[2m-[22m                 [2m | [22m[36m202.84 kB[39m[2m | [22m               [36m38.50 kB[39m
[32mstyles-I37NCFH4.css[39m [2m | [22m[2mstyles[22m            [2m | [22m [36m25.64 kB[39m[2m | [22m                [36m4.55 kB[39m
[32mchunk-CWW6KTUL.js[39m   [2m | [22m[2m-[22m                 [2m | [22m  [36m3.85 kB[39m[2m | [22m                [36m1.06 kB[39m
[32mchunk-KAT7YFEL.js[39m   [2m | [22m[2m-[22m                 [2m | [22m[36m898 bytes[39m[2m | [22m              [36m898 bytes[39m
[32mchunk-FK6H3RFT.js[39m   [2m | [22m[2m-[22m                 [2m | [22m[36m272 bytes[39m[2m | [22m              [36m272 bytes[39m

[1m [22m                   [2m | [22m[1mInitial total[22m     [2m | [22m  [1m[91m1.35 MB[39m[22m[2m | [22m              [1m334.04 kB[22m

[1mLazy chunk files[22m    [2m | [22m[1mNames[22m             [2m | [22m [1mRaw size[22m[2m | [22m[1mEstimated transfer size[22m
[32mchunk-MLRBBTDC.js[39m   [2m | [22m[2mapexcharts-esm[22m    [2m | [22m[36m472.53 kB[39m[2m | [22m              [36m106.01 kB[39m
[32mchunk-FNHT6NBC.js[39m   [2m | [22m[2mindex-es[22m          [2m | [22m[36m158.71 kB[39m[2m | [22m               [36m46.89 kB[39m
[32mchunk-TGDC2D4Z.js[39m   [2m | [22m[2mpurify-es[22m         [2m | [22m [36m22.37 kB[39m[2m | [22m                [36m7.75 kB[39m
[32mchunk-L2UMOP4C.js[39m   [2m | [22m[2mrequest-evaluate[22m  [2m | [22m [36m15.01 kB[39m[2m | [22m                [36m4.09 kB[39m
[32mchunk-XNE3C2G4.js[39m   [2m | [22m[2mrequests[22m          [2m | [22m [36m12.22 kB[39m[2m | [22m                [36m3.27 kB[39m
[32mchunk-AUTLQPX7.js[39m   [2m | [22m[2m-[22m                 [2m | [22m  [36m1.01 kB[39m[2m | [22m                [36m1.01 kB[39m
[32mchunk-IY7MJBPW.js[39m   [2m | [22m[2mhtml2canvas[22m       [2m | [22m [36m83 bytes[39m[2m | [22m               [36m83 bytes[39m


[35mServer bundles[39m      
[1mInitial chunk files[22m [2m | [22m[1mNames[22m             [2m | [22m [1mRaw size[22m
[32mmain.server.mjs[39m     [2m | [22m[2mmain.server[22m       [2m | [22m  [36m1.28 MB[39m[2m | [22m                       
[32mserver.mjs[39m          [2m | [22m[2mserver[22m            [2m | [22m[36m803.76 kB[39m[2m | [22m                       
[32mchunk-SHNFUBVK.mjs[39m  [2m | [22m[2m-[22m                 [2m | [22m[36m437.10 kB[39m[2m | [22m                       
[32mchunk-E2XK3SBN.mjs[39m  [2m | [22m[2m-[22m                 [2m | [22m[36m299.83 kB[39m[2m | [22m                       
[32mpolyfills.server.mjs[39m[2m | [22m[2mpolyfills.server[22m  [2m | [22m[36m233.25 kB[39m[2m | [22m                       
[32mchunk-EVOL6ZKA.mjs[39m  [2m | [22m[2m-[22m                 [2m | [22m [36m46.58 kB[39m[2m | [22m                       
[32mchunk-MCEG4ZAU.mjs[39m  [2m | [22m[2m-[22m                 [2m | [22m  [36m3.88 kB[39m[2m | [22m                       
[32mchunk-DGJQU3KY.mjs[39m  [2m | [22m[2m-[22m                 [2m | [22m  [36m1.51 kB[39m[2m | [22m                       

[1mLazy chunk files[22m    [2m | [22m[1mNames[22m             [2m | [22m [1mRaw size[22m
[32mchunk-G35PME6E.mjs[39m  [2m | [22m[2mapexcharts-ssr-esm[22m[2m | [22m[36m477.89 kB[39m[2m | [22m                       
[32mchunk-LPAA6WDK.mjs[39m  [2m | [22m[2mrequest-evaluate[22m  [2m | [22m [36m15.09 kB[39m[2m | [22m                       
[32mchunk-BILUBESM.mjs[39m  [2m | [22m[2mrequests[22m          [2m | [22m [36m12.31 kB[39m[2m | [22m                       
[32mchunk-JINOFQP3.mjs[39m  [2m | [22m[2mxhr2[22m              [2m | [22m [36m12.07 kB[39m[2m | [22m                       
[32mchunk-SDQXQQCW.mjs[39m  [2m | [22m[2m-[22m                 [2m | [22m  [36m1.05 kB[39m[2m | [22m                       

[35mPrerendered 0 static routes.[39m
Application bundle generation failed. [16.355 seconds] - 2026-03-02T17:10:01.701Z

node.exe : [1m[33m[33mΓû▓ 
[43;33m[[43;30mWARNING[43;33m][0m 
[1mbundle initial exceeded maximum 
budget. Budget 500.00 kB was not met by 
848.27 kB with a total of 1.35 MB.[0m
At line:1 char:1
+ & "C:\Program Files\nodejs/node.exe" 
"C:\Program Files\nodejs/node_mo ...
+ ~~~~~~~~~~~~~~~~~~~~~~~~~~~~~~~~~~~~~~
~~~~~~~~~~~~~~~~~~~~~~~~~~~~~~~
    + CategoryInfo          : NotSpecif 
   ied: ([1m[33m[33mΓ...of 1.35 MB.  
  [0m:String) [], RemoteException
    + FullyQualifiedErrorId : NativeCom 
   mandError
 


[33mΓû▓ 
[43;33m[[43;30mWARNING[43;33m][0m 
[1mModule 
'core-js/modules/es.promise.js' used by 
'node_modules/canvg/lib/index.es.js' is 
not ESM[0m

  CommonJS or AMD dependencies can 
cause optimization bailouts.
  For more information see: [4mhttps://
angular.dev/tools/cli/build#configuring-
commonjs-dependencies[0m


[33mΓû▓ 
[43;33m[[43;30mWARNING[43;33m][0m 
[1mModule 
'core-js/modules/es.string.match.js' 
used by 
'node_modules/canvg/lib/index.es.js' is 
not ESM[0m

  CommonJS or AMD dependencies can 
cause optimization bailouts.
  For more information see: [4mhttps://
angular.dev/tools/cli/build#configuring-
commonjs-dependencies[0m


[33mΓû▓ 
[43;33m[[43;30mWARNING[43;33m][0m 
[1mModule 
'core-js/modules/es.string.replace.js' 
used by 
'node_modules/canvg/lib/index.es.js' is 
not ESM[0m

  CommonJS or AMD dependencies can 
cause optimization bailouts.
  For more information see: [4mhttps://
angular.dev/tools/cli/build#configuring-
commonjs-dependencies[0m


[33mΓû▓ 
[43;33m[[43;30mWARNING[43;33m][0m 
[1mModule 'core-js/modules/es.string.st
arts-with.js' used by 
'node_modules/canvg/lib/index.es.js' is 
not ESM[0m

  CommonJS or AMD dependencies can 
cause optimization bailouts.
  For more information see: [4mhttps://
angular.dev/tools/cli/build#configuring-
commonjs-dependencies[0m


[33mΓû▓ 
[43;33m[[43;30mWARNING[43;33m][0m 
[1mModule 
'core-js/modules/es.array.iterator.js' 
used by 
'node_modules/canvg/lib/index.es.js' is 
not ESM[0m

  CommonJS or AMD dependencies can 
cause optimization bailouts.
  For more information see: [4mhttps://
angular.dev/tools/cli/build#configuring-
commonjs-dependencies[0m


[33mΓû▓ 
[43;33m[[43;30mWARNING[43;33m][0m 
[1mModule 'core-js/modules/web.dom-coll
ections.iterator.js' used by 
'node_modules/canvg/lib/index.es.js' is 
not ESM[0m

  CommonJS or AMD dependencies can 
cause optimization bailouts.
  For more information see: [4mhttps://
angular.dev/tools/cli/build#configuring-
commonjs-dependencies[0m


[33mΓû▓ 
[43;33m[[43;30mWARNING[43;33m][0m 
[1mModule 
'core-js/modules/es.array.reduce.js' 
used by 
'node_modules/canvg/lib/index.es.js' is 
not ESM[0m

  CommonJS or AMD dependencies can 
cause optimization bailouts.
  For more information see: [4mhttps://
angular.dev/tools/cli/build#configuring-
commonjs-dependencies[0m


[33mΓû▓ 
[43;33m[[43;30mWARNING[43;33m][0m 
[1mModule 'core-js/modules/es.string.en
ds-with.js' used by 
'node_modules/canvg/lib/index.es.js' is 
not ESM[0m

  CommonJS or AMD dependencies can 
cause optimization bailouts.
  For more information see: [4mhttps://
angular.dev/tools/cli/build#configuring-
commonjs-dependencies[0m


[33mΓû▓ 
[43;33m[[43;30mWARNING[43;33m][0m 
[1mModule 
'core-js/modules/es.string.split.js' 
used by 
'node_modules/canvg/lib/index.es.js' is 
not ESM[0m

  CommonJS or AMD dependencies can 
cause optimization bailouts.
  For more information see: [4mhttps://
angular.dev/tools/cli/build#configuring-
commonjs-dependencies[0m


[33mΓû▓ 
[43;33m[[43;30mWARNING[43;33m][0m 
[1mModule 'raf' used by 
'node_modules/canvg/lib/index.es.js' is 
not ESM[0m

  CommonJS or AMD dependencies can 
cause optimization bailouts.
  For more information see: [4mhttps://
angular.dev/tools/cli/build#configuring-
commonjs-dependencies[0m


[33mΓû▓ 
[43;33m[[43;30mWARNING[43;33m][0m 
[1mModule 
'core-js/modules/es.string.trim.js' 
used by 
'node_modules/canvg/lib/index.es.js' is 
not ESM[0m

  CommonJS or AMD dependencies can 
cause optimization bailouts.
  For more information see: [4mhttps://
angular.dev/tools/cli/build#configuring-
commonjs-dependencies[0m


[33mΓû▓ 
[43;33m[[43;30mWARNING[43;33m][0m 
[1mModule 'rgbcolor' used by 
'node_modules/canvg/lib/index.es.js' is 
not ESM[0m

  CommonJS or AMD dependencies can 
cause optimization bailouts.
  For more information see: [4mhttps://
angular.dev/tools/cli/build#configuring-
commonjs-dependencies[0m


[33mΓû▓ 
[43;33m[[43;30mWARNING[43;33m][0m 
[1mModule 
'core-js/modules/es.array.index-of.js' 
used by 
'node_modules/canvg/lib/index.es.js' is 
not ESM[0m

  CommonJS or AMD dependencies can 
cause optimization bailouts.
  For more information see: [4mhttps://
angular.dev/tools/cli/build#configuring-
commonjs-dependencies[0m


[33mΓû▓ 
[43;33m[[43;30mWARNING[43;33m][0m 
[1mModule 
'core-js/modules/es.string.includes.js' 
used by 
'node_modules/canvg/lib/index.es.js' is 
not ESM[0m

  CommonJS or AMD dependencies can 
cause optimization bailouts.
  For more information see: [4mhttps://
angular.dev/tools/cli/build#configuring-
commonjs-dependencies[0m


[33mΓû▓ 
[43;33m[[43;30mWARNING[43;33m][0m 
[1mModule 
'core-js/modules/es.array.reverse.js' 
used by 
'node_modules/canvg/lib/index.es.js' is 
not ESM[0m

  CommonJS or AMD dependencies can 
cause optimization bailouts.
  For more information see: [4mhttps://
angular.dev/tools/cli/build#configuring-
commonjs-dependencies[0m


[33mΓû▓ 
[43;33m[[43;30mWARNING[43;33m][0m 
[1mModule 'core-js/modules/es.regexp.to
-string.js' used by 
'node_modules/canvg/lib/index.es.js' is 
not ESM[0m

  CommonJS or AMD dependencies can 
cause optimization bailouts.
  For more information see: [4mhttps://
angular.dev/tools/cli/build#configuring-
commonjs-dependencies[0m


[33mΓû▓ 
[43;33m[[43;30mWARNING[43;33m][0m 
[1mModule 'jspdf' used by 'src/app/feat
ures/dashboard/dashboard.ts' is not 
ESM[0m

  CommonJS or AMD dependencies can 
cause optimization bailouts.
  For more information see: [4mhttps://
angular.dev/tools/cli/build#configuring-
commonjs-dependencies[0m

[39m[22m
[1m[31m[31mX 
[41;31m[[41;97mERROR[41;31m][0m 
[1mbundle initial exceeded maximum 
budget. Budget 1.00 MB was not met by 
348.27 kB with a total of 1.35 MB.[0m

[39m[22m
